###############################################################################
#
# IAR ELF Linker V7.50.1.10123/W32 for ARM                13/Mar/2016  09:39:20
# Copyright 2007-2015 IAR Systems AB.
#
#    Output file  =  
#        E:\Github\Code\stm32f746-discovery\IAR\Debug\Exe\STM32F746NG_Discovery.out
#    Map file     =  
#        E:\Github\Code\stm32f746-discovery\IAR\Debug\List\STM32F746NG_Discovery.map
#    Command line =  
#        E:\Github\Code\stm32f746-discovery\IAR\Debug\Obj\app.o
#        E:\Github\Code\stm32f746-discovery\IAR\Debug\Obj\bsp.o
#        E:\Github\Code\stm32f746-discovery\IAR\Debug\Obj\bsp_button.o
#        E:\Github\Code\stm32f746-discovery\IAR\Debug\Obj\bsp_int.o
#        E:\Github\Code\stm32f746-discovery\IAR\Debug\Obj\bsp_led.o
#        E:\Github\Code\stm32f746-discovery\IAR\Debug\Obj\bsp_periph.o
#        E:\Github\Code\stm32f746-discovery\IAR\Debug\Obj\cpu_a.o
#        E:\Github\Code\stm32f746-discovery\IAR\Debug\Obj\cpu_bsp.o
#        E:\Github\Code\stm32f746-discovery\IAR\Debug\Obj\cpu_c.o
#        E:\Github\Code\stm32f746-discovery\IAR\Debug\Obj\cpu_core.o
#        E:\Github\Code\stm32f746-discovery\IAR\Debug\Obj\cstartup.o
#        E:\Github\Code\stm32f746-discovery\IAR\Debug\Obj\lib_ascii.o
#        E:\Github\Code\stm32f746-discovery\IAR\Debug\Obj\lib_math.o
#        E:\Github\Code\stm32f746-discovery\IAR\Debug\Obj\lib_mem.o
#        E:\Github\Code\stm32f746-discovery\IAR\Debug\Obj\lib_mem_a.o
#        E:\Github\Code\stm32f746-discovery\IAR\Debug\Obj\lib_str.o
#        E:\Github\Code\stm32f746-discovery\IAR\Debug\Obj\os_app_hooks.o
#        E:\Github\Code\stm32f746-discovery\IAR\Debug\Obj\os_cfg_app.o
#        E:\Github\Code\stm32f746-discovery\IAR\Debug\Obj\os_core.o
#        E:\Github\Code\stm32f746-discovery\IAR\Debug\Obj\os_cpu_a.o
#        E:\Github\Code\stm32f746-discovery\IAR\Debug\Obj\os_cpu_c.o
#        E:\Github\Code\stm32f746-discovery\IAR\Debug\Obj\os_dbg.o
#        E:\Github\Code\stm32f746-discovery\IAR\Debug\Obj\os_flag.o
#        E:\Github\Code\stm32f746-discovery\IAR\Debug\Obj\os_int.o
#        E:\Github\Code\stm32f746-discovery\IAR\Debug\Obj\os_mem.o
#        E:\Github\Code\stm32f746-discovery\IAR\Debug\Obj\os_mon.o
#        E:\Github\Code\stm32f746-discovery\IAR\Debug\Obj\os_msg.o
#        E:\Github\Code\stm32f746-discovery\IAR\Debug\Obj\os_mutex.o
#        E:\Github\Code\stm32f746-discovery\IAR\Debug\Obj\os_pend_multi.o
#        E:\Github\Code\stm32f746-discovery\IAR\Debug\Obj\os_prio.o
#        E:\Github\Code\stm32f746-discovery\IAR\Debug\Obj\os_q.o
#        E:\Github\Code\stm32f746-discovery\IAR\Debug\Obj\os_sem.o
#        E:\Github\Code\stm32f746-discovery\IAR\Debug\Obj\os_stat.o
#        E:\Github\Code\stm32f746-discovery\IAR\Debug\Obj\os_task.o
#        E:\Github\Code\stm32f746-discovery\IAR\Debug\Obj\os_tick.o
#        E:\Github\Code\stm32f746-discovery\IAR\Debug\Obj\os_time.o
#        E:\Github\Code\stm32f746-discovery\IAR\Debug\Obj\os_tmr.o
#        E:\Github\Code\stm32f746-discovery\IAR\Debug\Obj\os_var.o
#        E:\Github\Code\stm32f746-discovery\IAR\Debug\Obj\stm32f7xx_hal.o
#        E:\Github\Code\stm32f746-discovery\IAR\Debug\Obj\stm32f7xx_hal_cortex.o
#        E:\Github\Code\stm32f746-discovery\IAR\Debug\Obj\stm32f7xx_hal_flash.o
#        E:\Github\Code\stm32f746-discovery\IAR\Debug\Obj\stm32f7xx_hal_flash_ex.o
#        E:\Github\Code\stm32f746-discovery\IAR\Debug\Obj\stm32f7xx_hal_gpio.o
#        E:\Github\Code\stm32f746-discovery\IAR\Debug\Obj\stm32f7xx_hal_hash.o
#        E:\Github\Code\stm32f746-discovery\IAR\Debug\Obj\stm32f7xx_hal_pwr.o
#        E:\Github\Code\stm32f746-discovery\IAR\Debug\Obj\stm32f7xx_hal_pwr_ex.o
#        E:\Github\Code\stm32f746-discovery\IAR\Debug\Obj\stm32f7xx_hal_rcc.o
#        E:\Github\Code\stm32f746-discovery\IAR\Debug\Obj\stm32f7xx_hal_rcc_ex.o
#        E:\Github\Code\stm32f746-discovery\IAR\Debug\Obj\system_stm32f7xx.o -o
#        E:\Github\Code\stm32f746-discovery\IAR\Debug\Exe\STM32F746NG_Discovery.out
#        --map
#        E:\Github\Code\stm32f746-discovery\IAR\Debug\List\STM32F746NG_Discovery.map
#        --config "D:\Program Files (x86)\IAR Systems\Embedded Workbench
#        7.3\arm\config\linker\ST\stm32f746xG.icf" --semihosting --entry
#        __iar_program_start --vfe
#
###############################################################################

*******************************************************************************
*** RUNTIME MODEL ATTRIBUTES
***

CppFlavor       = *
__SystemLibrary = DLib


*******************************************************************************
*** PLACEMENT SUMMARY
***

"A1":  place at 0x08000000 { ro section .intvec };
"P1":  place in [from 0x00000000 to 0x00000000] |
                [from 0x08000000 to 0x080fffff] { ro };
"P3":  place in [from 0x20000000 to 0x2000ffff] |
                [from 0x20010000 to 0x2004ffff] { rw, block CSTACK, block HEAP };

  Section            Kind        Address    Size  Object
  -------            ----        -------    ----  ------
"A1":                                      0x1c0
  .intvec            const    0x08000000   0x1c0  cstartup.o [1]
                            - 0x080001c0   0x1c0

"P1":                                     0x5968
  .text              ro code  0x080001c0   0xfac  os_task.o [1]
  .text              ro code  0x0800116c   0x398  os_cpu_c.o [1]
  .text              ro code  0x08001504   0x27c  os_msg.o [1]
  .text              ro code  0x08001780   0x234  cpu_core.o [1]
  .text              ro code  0x080019b4    0x88  os_prio.o [1]
  .text              ro code  0x08001a3c   0x9d0  os_core.o [1]
  .text              ro code  0x0800240c   0x4e8  os_tick.o [1]
  .text              ro code  0x080028f4   0x508  os_mutex.o [1]
  .text              ro code  0x08002dfc    0x44  cpu_bsp.o [1]
  CODE               ro code  0x08002e40   0x10c  os_cpu_a.o [1]
  .text              ro code  0x08002f4c   0x2c4  os_time.o [1]
  .text              ro code  0x08003210   0x13c  lib_mem.o [1]
  .text              ro code  0x0800334c    0x76  lib_str.o [1]
  .rodata            const    0x080033c2     0x2  os_cfg_app.o [1]
  CODE               ro code  0x080033c4    0x34  cpu_a.o [1]
  .text              ro code  0x080033f8    0x1c  os_mem.o [1]
  .text              ro code  0x08003414   0x5c4  os_stat.o [1]
  .text              ro code  0x080039d8   0x22c  os_tmr.o [1]
  .text              ro code  0x08003c04   0x22c  os_dbg.o [1]
  .text              ro code  0x08003e30    0xb8  os_cfg_app.o [1]
  .text              ro code  0x08003ee8    0xc0  bsp.o [1]
  .text              ro code  0x08003fa8   0x260  bsp_led.o [1]
  .text              ro code  0x08004208   0x1a0  bsp_button.o [1]
  .text              ro code  0x080043a8   0x44e  bsp_int.o [1]
  .rodata            const    0x080047f6     0x2  os_dbg.o [1]
  .text              ro code  0x080047f8   0x870  stm32f7xx_hal_rcc.o [1]
  .text              ro code  0x08005068    0x84  stm32f7xx_hal_pwr_ex.o [1]
  .text              ro code  0x080050ec    0x34  stm32f7xx_hal_cortex.o [1]
  .text              ro code  0x08005120   0x258  stm32f7xx_hal_gpio.o [1]
  .text              ro code  0x08005378    0x40  stm32f7xx_hal.o [1]
  .text              ro code  0x080053b8   0x204  app.o [1]
  .text              ro code  0x080055bc    0x30  lib_math.o [1]
  .text              ro code  0x080055ec    0x9c  os_app_hooks.o [1]
  .text              ro code  0x08005688    0x6c  system_stm32f7xx.o [1]
  .text              ro code  0x080056f4    0x40  cstartup.o [1]
  .text              ro code  0x08005734     0xc  cstartup_M.o [5]
  .text              ro code  0x08005740    0x22  fpinit_M.o [4]
  .rodata            const    0x08005762     0x2  os_dbg.o [1]
  .text              ro code  0x08005764    0x1a  cmain.o [5]
  .text              ro code  0x0800577e     0x4  low_level_init.o [3]
  .rodata            const    0x08005782     0x2  os_dbg.o [1]
  .text              ro code  0x08005784    0x28  data_init.o [5]
  .text              ro code  0x080057ac     0x4  exit.o [3]
  .text              ro code  0x080057b0     0xa  cexit.o [5]
  .rodata            const    0x080057ba     0x2  os_dbg.o [1]
  .text              ro code  0x080057bc    0x14  exit.o [6]
  .text              ro code  0x080057d0    0x40  zero_init3.o [5]
  .rodata            const    0x08005810    0x30  os_dbg.o [1]
  .rodata            const    0x08005840    0x30  os_dbg.o [1]
  .rodata            const    0x08005870    0x30  os_dbg.o [1]
  .text              ro code  0x080058a0    0x2c  copy_init3.o [5]
  .rodata            const    0x080058cc    0x28  os_dbg.o [1]
  .rodata            const    0x080058f4    0x28  os_dbg.o [1]
  .iar.init_table    const    0x0800591c    0x24  - Linker created -
  .rodata            const    0x08005940    0x20  os_dbg.o [1]
  .rodata            const    0x08005960    0x18  os_tmr.o [1]
  .rodata            const    0x08005978    0x14  app.o [1]
  .rodata            const    0x0800598c    0x14  os_core.o [1]
  .rodata            const    0x080059a0    0x14  os_stat.o [1]
  .rodata            const    0x080059b4    0x14  os_tick.o [1]
  .rodata            const    0x080059c8    0x10  app.o [1]
  .rodata            const    0x080059d8    0x10  os_tmr.o [1]
  .rodata            const    0x080059e8    0x10  stm32f7xx_hal_rcc.o [1]
  .rodata            const    0x080059f8     0xc  app.o [1]
  .rodata            const    0x08005a04     0xc  app.o [1]
  .rodata            const    0x08005a10     0xc  app.o [1]
  .rodata            const    0x08005a1c     0xc  os_core.o [1]
  .rodata            const    0x08005a28     0x8  lib_mem.o [1]
  .rodata            const    0x08005a30     0x8  os_core.o [1]
  .rodata            const    0x08005a38     0x8  os_task.o [1]
  .rodata            const    0x08005a40     0x4  os_cfg_app.o [1]
  .rodata            const    0x08005a44     0x4  os_cfg_app.o [1]
  .rodata            const    0x08005a48     0x4  os_cfg_app.o [1]
  .rodata            const    0x08005a4c     0x4  os_cfg_app.o [1]
  .rodata            const    0x08005a50     0x4  os_cfg_app.o [1]
  .rodata            const    0x08005a54     0x4  os_cfg_app.o [1]
  .rodata            const    0x08005a58     0x4  os_cfg_app.o [1]
  .rodata            const    0x08005a5c     0x4  os_cfg_app.o [1]
  .rodata            const    0x08005a60     0x4  os_cfg_app.o [1]
  .rodata            const    0x08005a64     0x4  os_cfg_app.o [1]
  .rodata            const    0x08005a68     0x4  os_cfg_app.o [1]
  .rodata            const    0x08005a6c     0x4  os_cfg_app.o [1]
  .rodata            const    0x08005a70     0x4  os_cfg_app.o [1]
  .rodata            const    0x08005a74     0x4  os_cfg_app.o [1]
  .rodata            const    0x08005a78     0x4  os_cfg_app.o [1]
  .rodata            const    0x08005a7c     0x4  os_cfg_app.o [1]
  .rodata            const    0x08005a80     0x4  os_cfg_app.o [1]
  .rodata            const    0x08005a84     0x4  os_cfg_app.o [1]
  .rodata            const    0x08005a88     0x4  os_cfg_app.o [1]
  .rodata            const    0x08005a8c     0x4  os_cfg_app.o [1]
  .rodata            const    0x08005a90     0x4  os_cfg_app.o [1]
  .rodata            const    0x08005a94     0x4  os_cfg_app.o [1]
  .rodata            const    0x08005a98     0x4  os_cfg_app.o [1]
  .rodata            const    0x08005a9c     0x4  os_cfg_app.o [1]
  .rodata            const    0x08005aa0     0x4  os_cfg_app.o [1]
  .rodata            const    0x08005aa4     0x4  os_cfg_app.o [1]
  .rodata            const    0x08005aa8     0x4  os_dbg.o [1]
  .rodata            const    0x08005aac     0x4  os_dbg.o [1]
  .rodata            const    0x08005ab0     0x4  os_dbg.o [1]
  .rodata            const    0x08005ab4     0x2  os_dbg.o [1]
  .rodata            const    0x08005ab6     0x2  os_dbg.o [1]
  .rodata            const    0x08005ab8     0x2  os_dbg.o [1]
  .rodata            const    0x08005aba     0x2  os_dbg.o [1]
  .rodata            const    0x08005abc     0x2  os_dbg.o [1]
  .rodata            const    0x08005abe     0x2  os_dbg.o [1]
  .rodata            const    0x08005ac0     0x2  os_dbg.o [1]
  .rodata            const    0x08005ac2     0x2  os_dbg.o [1]
  .rodata            const    0x08005ac4     0x2  os_dbg.o [1]
  .rodata            const    0x08005ac6     0x2  os_dbg.o [1]
  .rodata            const    0x08005ac8     0x2  os_dbg.o [1]
  .rodata            const    0x08005aca     0x2  os_dbg.o [1]
  .rodata            const    0x08005acc     0x2  os_dbg.o [1]
  .rodata            const    0x08005ace     0x2  os_dbg.o [1]
  .rodata            const    0x08005ad0     0x2  os_dbg.o [1]
  .rodata            const    0x08005ad2     0x2  os_dbg.o [1]
  .rodata            const    0x08005ad4     0x2  os_dbg.o [1]
  .rodata            const    0x08005ad6     0x1  os_cfg_app.o [1]
  .rodata            const    0x08005ad7     0x1  os_cfg_app.o [1]
  .rodata            const    0x08005ad8     0x1  os_cfg_app.o [1]
  .rodata            const    0x08005ad9     0x1  os_dbg.o [1]
  .rodata            const    0x08005ada     0x1  os_dbg.o [1]
  .rodata            const    0x08005adb     0x1  os_dbg.o [1]
  .rodata            const    0x08005adc     0x1  os_dbg.o [1]
  .rodata            const    0x08005add     0x1  os_dbg.o [1]
  .rodata            const    0x08005ade     0x1  os_dbg.o [1]
  .rodata            const    0x08005adf     0x1  os_dbg.o [1]
  .rodata            const    0x08005ae0     0x1  os_dbg.o [1]
  .rodata            const    0x08005ae1     0x1  os_dbg.o [1]
  .rodata            const    0x08005ae2     0x1  os_dbg.o [1]
  .rodata            const    0x08005ae3     0x1  os_dbg.o [1]
  .rodata            const    0x08005ae4     0x1  os_dbg.o [1]
  .rodata            const    0x08005ae5     0x1  os_dbg.o [1]
  .rodata            const    0x08005ae6     0x1  os_dbg.o [1]
  .rodata            const    0x08005ae7     0x1  os_dbg.o [1]
  .rodata            const    0x08005ae8     0x1  os_dbg.o [1]
  .rodata            const    0x08005ae9     0x1  os_dbg.o [1]
  .rodata            const    0x08005aea     0x1  os_dbg.o [1]
  .rodata            const    0x08005aeb     0x1  os_dbg.o [1]
  .rodata            const    0x08005aec     0x1  os_dbg.o [1]
  .rodata            const    0x08005aed     0x1  os_dbg.o [1]
  .rodata            const    0x08005aee     0x1  os_dbg.o [1]
  .rodata            const    0x08005aef     0x1  os_dbg.o [1]
  .rodata            const    0x08005af0     0x1  os_dbg.o [1]
  .rodata            const    0x08005af1     0x1  os_dbg.o [1]
  .rodata            const    0x08005af2     0x1  os_dbg.o [1]
  .rodata            const    0x08005af3     0x1  os_dbg.o [1]
  .rodata            const    0x08005af4     0x1  os_dbg.o [1]
  .rodata            const    0x08005af5     0x1  os_dbg.o [1]
  .rodata            const    0x08005af6     0x1  os_dbg.o [1]
  .rodata            const    0x08005af7     0x1  os_dbg.o [1]
  .rodata            const    0x08005af8     0x1  os_dbg.o [1]
  .rodata            const    0x08005af9     0x1  os_dbg.o [1]
  .rodata            const    0x08005afa     0x1  os_dbg.o [1]
  .rodata            const    0x08005afb     0x1  os_dbg.o [1]
  .rodata            const    0x08005afc     0x1  os_dbg.o [1]
  .rodata            const    0x08005afd     0x1  os_dbg.o [1]
  .rodata            const    0x08005afe     0x1  os_dbg.o [1]
  .rodata            const    0x08005aff     0x1  os_dbg.o [1]
  .rodata            const    0x08005b00     0x0  zero_init3.o [5]
  .rodata            const    0x08005b00     0x0  copy_init3.o [5]
  Initializer bytes  const    0x08005b00    0x28  <for P3 s0>
                            - 0x08005b28  0x5968

"P3", part 1 of 3:                          0x28
  P3 s0                       0x20000000    0x28  <Init block>
    .data            inited   0x20000000    0x10  bsp_button.o [1]
    .data            inited   0x20000010     0xc  bsp_led.o [1]
    .data            inited   0x2000001c     0x4  bsp_led.o [1]
    .data            inited   0x20000020     0x4  system_stm32f7xx.o [1]
    .data            inited   0x20000024     0x1  bsp_button.o [1]
                            - 0x20000028    0x28

"P3", part 2 of 3:                        0x29d0
  .bss               zero     0x20000028   0x400  app.o [1]
  .bss               zero     0x20000428   0x400  app.o [1]
  .bss               zero     0x20000828   0x400  app.o [1]
  .bss               zero     0x20000c28   0x400  app.o [1]
  .bss               zero     0x20001028   0x400  lib_mem.o [1]
  .bss               zero     0x20001428   0x200  os_cfg_app.o [1]
  .bss               zero     0x20001628   0x200  os_cfg_app.o [1]
  .bss               zero     0x20001828   0x200  os_cfg_app.o [1]
  .bss               zero     0x20001a28   0x200  os_cfg_app.o [1]
  .bss               zero     0x20001c28   0x200  os_cfg_app.o [1]
  .bss               zero     0x20001e28   0x190  os_cfg_app.o [1]
  .bss               zero     0x20001fb8   0x188  bsp_int.o [1]
  .bss               zero     0x20002140   0x180  os_var.o [1]
  .bss               zero     0x200022c0    0xc0  app.o [1]
  .bss               zero     0x20002380    0xc0  app.o [1]
  .bss               zero     0x20002440    0xc0  app.o [1]
  .bss               zero     0x20002500    0xc0  app.o [1]
  .bss               zero     0x200025c0    0xc0  os_var.o [1]
  .bss               zero     0x20002680    0xc0  os_var.o [1]
  .bss               zero     0x20002740    0xc0  os_var.o [1]
  .bss               zero     0x20002800    0xc0  os_var.o [1]
  .bss               zero     0x200028c0    0x30  os_var.o [1]
  .bss               zero     0x200028f0    0x14  lib_mem.o [1]
  .bss               zero     0x20002904    0x10  cpu_core.o [1]
  .bss               zero     0x20002914     0xc  os_var.o [1]
  .bss               zero     0x20002920     0x8  os_var.o [1]
  .bss               zero     0x20002928     0x8  os_var.o [1]
  .bss               zero     0x20002930     0x4  cpu_core.o [1]
  .bss               zero     0x20002934     0x4  cpu_core.o [1]
  .bss               zero     0x20002938     0x4  cpu_core.o [1]
  .bss               zero     0x2000293c     0x4  cpu_core.o [1]
  .bss               zero     0x20002940     0x4  cpu_core.o [1]
  .bss               zero     0x20002944     0x4  cpu_core.o [1]
  .bss               zero     0x20002948     0x4  lib_math.o [1]
  .bss               zero     0x2000294c     0x4  lib_mem.o [1]
  .bss               zero     0x20002950     0x4  os_cpu_c.o [1]
  .bss               zero     0x20002954     0x4  os_prio.o [1]
  .bss               zero     0x20002958     0x4  os_var.o [1]
  .bss               zero     0x2000295c     0x4  os_var.o [1]
  .bss               zero     0x20002960     0x4  os_var.o [1]
  .bss               zero     0x20002964     0x4  os_var.o [1]
  .bss               zero     0x20002968     0x4  os_var.o [1]
  .bss               zero     0x2000296c     0x4  os_var.o [1]
  .bss               zero     0x20002970     0x4  os_var.o [1]
  .bss               zero     0x20002974     0x4  os_var.o [1]
  .bss               zero     0x20002978     0x4  os_var.o [1]
  .bss               zero     0x2000297c     0x4  os_var.o [1]
  .bss               zero     0x20002980     0x4  os_var.o [1]
  .bss               zero     0x20002984     0x4  os_var.o [1]
  .bss               zero     0x20002988     0x4  os_var.o [1]
  .bss               zero     0x2000298c     0x4  os_var.o [1]
  .bss               zero     0x20002990     0x4  os_var.o [1]
  .bss               zero     0x20002994     0x4  os_var.o [1]
  .bss               zero     0x20002998     0x4  os_var.o [1]
  .bss               zero     0x2000299c     0x4  os_var.o [1]
  .bss               zero     0x200029a0     0x4  os_var.o [1]
  .bss               zero     0x200029a4     0x4  os_var.o [1]
  .bss               zero     0x200029a8     0x4  os_var.o [1]
  .bss               zero     0x200029ac     0x4  os_var.o [1]
  .bss               zero     0x200029b0     0x4  os_var.o [1]
  .bss               zero     0x200029b4     0x4  os_var.o [1]
  .bss               zero     0x200029b8     0x4  os_var.o [1]
  .bss               zero     0x200029bc     0x4  os_var.o [1]
  .bss               zero     0x200029c0     0x4  os_var.o [1]
  .bss               zero     0x200029c4     0x4  os_var.o [1]
  .bss               zero     0x200029c8     0x4  os_var.o [1]
  .bss               zero     0x200029cc     0x4  os_var.o [1]
  .bss               zero     0x200029d0     0x4  stm32f7xx_hal.o [1]
  .bss               zero     0x200029d4     0x2  cpu_core.o [1]
  .bss               zero     0x200029d6     0x2  cpu_core.o [1]
  .bss               zero     0x200029d8     0x2  os_var.o [1]
  .bss               zero     0x200029da     0x2  os_var.o [1]
  .bss               zero     0x200029dc     0x2  os_var.o [1]
  .bss               zero     0x200029de     0x2  os_var.o [1]
  .bss               zero     0x200029e0     0x2  os_var.o [1]
  .bss               zero     0x200029e2     0x2  os_var.o [1]
  .bss               zero     0x200029e4     0x2  os_var.o [1]
  .bss               zero     0x200029e6     0x2  os_var.o [1]
  .bss               zero     0x200029e8     0x2  os_var.o [1]
  .bss               zero     0x200029ea     0x1  app.o [1]
  .bss               zero     0x200029eb     0x1  bsp_button.o [1]
  .bss               zero     0x200029ec     0x1  bsp_button.o [1]
  .bss               zero     0x200029ed     0x1  bsp_button.o [1]
  .bss               zero     0x200029ee     0x1  bsp_button.o [1]
  .bss               zero     0x200029ef     0x1  os_var.o [1]
  .bss               zero     0x200029f0     0x1  os_var.o [1]
  .bss               zero     0x200029f1     0x1  os_var.o [1]
  .bss               zero     0x200029f2     0x1  os_var.o [1]
  .bss               zero     0x200029f3     0x1  os_var.o [1]
  .bss               zero     0x200029f4     0x1  os_var.o [1]
  .bss               zero     0x200029f5     0x1  os_var.o [1]
  .bss               zero     0x200029f6     0x1  os_var.o [1]
  .bss               zero     0x200029f7     0x1  os_var.o [1]
                            - 0x200029f8  0x29d0

"P3", part 3 of 3:                        0x2000
  CSTACK                      0x200029f8  0x2000  <Block>
    CSTACK           uninit   0x200029f8  0x2000  <Block tail>
                            - 0x200049f8  0x2000


*******************************************************************************
*** INIT TABLE
***

          Address     Size
          -------     ----
Zero (__iar_zero_init3)
    1 destination range, total size 0x29d0:
          0x20000028  0x29d0

Copy (__iar_copy_init3)
    1 source range, total size 0x28 (108% of destination):
          0x08005b00    0x28
    1 destination range, total size 0x25:
          0x20000000    0x25



*******************************************************************************
*** MODULE SUMMARY
***

    Module                  ro code  ro data  rw data
    ------                  -------  -------  -------
E:\Github\Code\stm32f746-discovery\IAR\Debug\Obj: [1]
    app.o                       516       72    4 865
    bsp.o                       192
    bsp_button.o                416       17       21
    bsp_int.o                 1 102               392
    bsp_led.o                   608       16       16
    cpu_a.o                      52
    cpu_bsp.o                    68
    cpu_core.o                  564                44
    cstartup.o                   64      448
    lib_math.o                   48                 4
    lib_mem.o                   316        8    1 048
    lib_str.o                   118
    os_app_hooks.o              156
    os_cfg_app.o                184      109    2 960
    os_core.o                 2 512       40
    os_cpu_a.o                  268
    os_cpu_c.o                  920                 4
    os_dbg.o                    556      349
    os_mem.o                     28
    os_msg.o                    636
    os_mutex.o                1 288
    os_prio.o                   136                 4
    os_stat.o                 1 476       20
    os_task.o                 4 012        8
    os_tick.o                 1 256       20
    os_time.o                   708
    os_tmr.o                    556       40
    os_var.o                                    1 375
    stm32f7xx_hal.o              64                 4
    stm32f7xx_hal_cortex.o       52
    stm32f7xx_hal_gpio.o        600
    stm32f7xx_hal_pwr_ex.o      132
    stm32f7xx_hal_rcc.o       2 160       16
    system_stm32f7xx.o          108        4        4
    -------------------------------------------------
    Total:                   21 872    1 167   10 741

command line: [2]
    -------------------------------------------------
    Total:

dl7M_tlf.a: [3]
    exit.o                        4
    low_level_init.o              4
    -------------------------------------------------
    Total:                        8

m7M_tls.a: [4]
    fpinit_M.o                   34
    -------------------------------------------------
    Total:                       34

rt7M_tl.a: [5]
    cexit.o                      10
    cmain.o                      26
    copy_init3.o                 44
    cstartup_M.o                 12
    data_init.o                  40
    zero_init3.o                 64
    -------------------------------------------------
    Total:                      196

shb_l.a: [6]
    exit.o                       20
    -------------------------------------------------
    Total:                       20

    Linker created                        39    8 192
-----------------------------------------------------
    Grand Total:             22 130    1 206   18 933


*******************************************************************************
*** ENTRY LIST
***

Entry                      Address   Size  Type      Object
-----                      -------   ----  ----      ------
.iar.init_table$$Base   0x0800591c          --   Gb  - Linker created -
.iar.init_table$$Limit  0x08005940          --   Gb  - Linker created -
?main                   0x08005765         Code  Gb  cmain.o [5]
APBAHBPrescTable        0x080059e8   0x10  Data  Gb  stm32f7xx_hal_rcc.o [1]
AppTaskStartStk         0x20000028  0x400  Data  Lc  app.o [1]
AppTaskStartTCB         0x200022c0   0xc0  Data  Lc  app.o [1]
App_BusFault_ISR        0x0800572d    0x2  Code  Lc  cstartup.o [1]
App_Fault_ISR           0x0800572b    0x2  Code  Lc  cstartup.o [1]
App_MemFault_ISR        0x08005731    0x2  Code  Lc  cstartup.o [1]
App_NMI_ISR             0x08005729    0x2  Code  Lc  cstartup.o [1]
App_OS_IdleTaskHook     0x0800565d    0x2  Code  Gb  os_app_hooks.o [1]
App_OS_SetAllHooks      0x080055ed   0x52  Code  Gb  os_app_hooks.o [1]
App_OS_StatTaskHook     0x08005661    0x2  Code  Gb  os_app_hooks.o [1]
App_OS_TaskCreateHook   0x08005665    0x8  Code  Gb  os_app_hooks.o [1]
App_OS_TaskDelHook      0x0800566d    0x8  Code  Gb  os_app_hooks.o [1]
App_OS_TaskReturnHook   0x08005675    0x8  Code  Gb  os_app_hooks.o [1]
App_OS_TaskSwHook       0x0800567d    0x2  Code  Gb  os_app_hooks.o [1]
App_OS_TimeTickHook     0x08005681    0x8  Code  Gb  os_app_hooks.o [1]
App_Reset_ISR           0x080056f5   0x2c  Code  Lc  cstartup.o [1]
App_Spurious_ISR        0x08005733    0x2  Code  Lc  cstartup.o [1]
App_UsageFault_ISR      0x0800572f    0x2  Code  Lc  cstartup.o [1]
BSP_IntDisAll           0x080043a9    0x8  Code  Gb  bsp_int.o [1]
BSP_IntHandler          0x080047b5   0x38  Code  Lc  bsp_int.o [1]
BSP_IntHandlerADC       0x080044a9    0xa  Code  Gb  bsp_int.o [1]
BSP_IntHandlerCAN1_RX0  0x080044bd    0xa  Code  Gb  bsp_int.o [1]
BSP_IntHandlerCAN1_RX1  0x080044c7    0xa  Code  Gb  bsp_int.o [1]
BSP_IntHandlerCAN1_SCE  0x080044d1    0xa  Code  Gb  bsp_int.o [1]
BSP_IntHandlerCAN1_TX   0x080044b3    0xa  Code  Gb  bsp_int.o [1]
BSP_IntHandlerCAN2_RX0  0x08004675    0xa  Code  Gb  bsp_int.o [1]
BSP_IntHandlerCAN2_RX1  0x0800467f    0xa  Code  Gb  bsp_int.o [1]
BSP_IntHandlerCAN2_SCE  0x08004689    0xa  Code  Gb  bsp_int.o [1]
BSP_IntHandlerCAN2_TX   0x0800466b    0xa  Code  Gb  bsp_int.o [1]
BSP_IntHandlerCRYP      0x0800470b    0xa  Code  Gb  bsp_int.o [1]
BSP_IntHandlerDCMI      0x08004701    0xa  Code  Gb  bsp_int.o [1]
BSP_IntHandlerDMA1_CH0  0x08004463    0xa  Code  Gb  bsp_int.o [1]
BSP_IntHandlerDMA1_CH1  0x0800446d    0xa  Code  Gb  bsp_int.o [1]
BSP_IntHandlerDMA1_CH2  0x08004477    0xa  Code  Gb  bsp_int.o [1]
BSP_IntHandlerDMA1_CH3  0x08004481    0xa  Code  Gb  bsp_int.o [1]
BSP_IntHandlerDMA1_CH4  0x0800448b    0xa  Code  Gb  bsp_int.o [1]
BSP_IntHandlerDMA1_CH5  0x08004495    0xa  Code  Gb  bsp_int.o [1]
BSP_IntHandlerDMA1_CH6  0x0800449f    0xa  Code  Gb  bsp_int.o [1]
BSP_IntHandlerDMA1_STREAM7
                        0x080045cb    0xa  Code  Gb  bsp_int.o [1]
BSP_IntHandlerDMA2D     0x08004779    0xa  Code  Gb  bsp_int.o [1]
BSP_IntHandlerDMA2_CH0  0x08004625    0xa  Code  Gb  bsp_int.o [1]
BSP_IntHandlerDMA2_CH1  0x0800462f    0xa  Code  Gb  bsp_int.o [1]
BSP_IntHandlerDMA2_CH2  0x08004639    0xa  Code  Gb  bsp_int.o [1]
BSP_IntHandlerDMA2_CH3  0x08004643    0xa  Code  Gb  bsp_int.o [1]
BSP_IntHandlerDMA2_CH4  0x0800464d    0xa  Code  Gb  bsp_int.o [1]
BSP_IntHandlerDMA2_CH5  0x0800469d    0xa  Code  Gb  bsp_int.o [1]
BSP_IntHandlerDMA2_CH6  0x080046a7    0xa  Code  Gb  bsp_int.o [1]
BSP_IntHandlerDMA2_CH7  0x080046b1    0xa  Code  Gb  bsp_int.o [1]
BSP_IntHandlerDummy     0x080047f5    0x2  Code  Lc  bsp_int.o [1]
BSP_IntHandlerETH       0x08004657    0xa  Code  Gb  bsp_int.o [1]
BSP_IntHandlerETHWakeup
                        0x08004661    0xa  Code  Gb  bsp_int.o [1]
BSP_IntHandlerEXTI0     0x08004431    0xa  Code  Gb  bsp_int.o [1]
BSP_IntHandlerEXTI1     0x0800443b    0xa  Code  Gb  bsp_int.o [1]
BSP_IntHandlerEXTI15_10
                        0x08004585    0xa  Code  Gb  bsp_int.o [1]
BSP_IntHandlerEXTI2     0x08004445    0xa  Code  Gb  bsp_int.o [1]
BSP_IntHandlerEXTI3     0x0800444f    0xa  Code  Gb  bsp_int.o [1]
BSP_IntHandlerEXTI4     0x08004459    0xa  Code  Gb  bsp_int.o [1]
BSP_IntHandlerEXTI9_5   0x080044db    0xa  Code  Gb  bsp_int.o [1]
BSP_IntHandlerFLASH     0x0800441d    0xa  Code  Gb  bsp_int.o [1]
BSP_IntHandlerFPU       0x0800471f    0xa  Code  Gb  bsp_int.o [1]
BSP_IntHandlerFSMC      0x080045d5    0xa  Code  Gb  bsp_int.o [1]
BSP_IntHandlerHASH_RNG  0x08004715    0xa  Code  Gb  bsp_int.o [1]
BSP_IntHandlerI2C1_ER   0x08004535    0xa  Code  Gb  bsp_int.o [1]
BSP_IntHandlerI2C1_EV   0x0800452b    0xa  Code  Gb  bsp_int.o [1]
BSP_IntHandlerI2C2_ER   0x08004549    0xa  Code  Gb  bsp_int.o [1]
BSP_IntHandlerI2C2_EV   0x0800453f    0xa  Code  Gb  bsp_int.o [1]
BSP_IntHandlerI2C3_ER   0x080046cf    0xa  Code  Gb  bsp_int.o [1]
BSP_IntHandlerI2C3_EV   0x080046c5    0xa  Code  Gb  bsp_int.o [1]
BSP_IntHandlerI2C4_ER   0x080047a1    0xa  Code  Gb  bsp_int.o [1]
BSP_IntHandlerLCD_TFT   0x08004765    0xa  Code  Gb  bsp_int.o [1]
BSP_IntHandlerLCD_TFT_ERR
                        0x0800476f    0xa  Code  Gb  bsp_int.o [1]
BSP_IntHandlerLP_TIMER1
                        0x08004797    0xa  Code  Gb  bsp_int.o [1]
BSP_IntHandlerOTG_FS    0x08004693    0xa  Code  Gb  bsp_int.o [1]
BSP_IntHandlerOTG_FS_WKUP
                        0x08004599    0xa  Code  Gb  bsp_int.o [1]
BSP_IntHandlerOTG_HS    0x080046f7    0xa  Code  Gb  bsp_int.o [1]
BSP_IntHandlerOTG_HS_EP1_IN
                        0x080046e3    0xa  Code  Gb  bsp_int.o [1]
BSP_IntHandlerOTG_HS_EP1_OUT
                        0x080046d9    0xa  Code  Gb  bsp_int.o [1]
BSP_IntHandlerOTG_HS_WKUP
                        0x080046ed    0xa  Code  Gb  bsp_int.o [1]
BSP_IntHandlerPVD       0x080043ff    0xa  Code  Gb  bsp_int.o [1]
BSP_IntHandlerQUAD_SPI  0x0800478d    0xa  Code  Gb  bsp_int.o [1]
BSP_IntHandlerRCC       0x08004427    0xa  Code  Gb  bsp_int.o [1]
BSP_IntHandlerRTCAlarm  0x0800458f    0xa  Code  Gb  bsp_int.o [1]
BSP_IntHandlerRTC_WKUP  0x08004413    0xa  Code  Gb  bsp_int.o [1]
BSP_IntHandlerSAI1      0x0800475b    0xa  Code  Gb  bsp_int.o [1]
BSP_IntHandlerSAI2      0x08004783    0xa  Code  Gb  bsp_int.o [1]
BSP_IntHandlerSDMMC1    0x080045df    0xa  Code  Gb  bsp_int.o [1]
BSP_IntHandlerSPDIFRX   0x080047ab    0xa  Code  Gb  bsp_int.o [1]
BSP_IntHandlerSPI1      0x08004553    0xa  Code  Gb  bsp_int.o [1]
BSP_IntHandlerSPI2      0x0800455d    0xa  Code  Gb  bsp_int.o [1]
BSP_IntHandlerSPI3      0x080045f3    0xa  Code  Gb  bsp_int.o [1]
BSP_IntHandlerSPI4      0x0800473d    0xa  Code  Gb  bsp_int.o [1]
BSP_IntHandlerSPI5      0x08004747    0xa  Code  Gb  bsp_int.o [1]
BSP_IntHandlerSPI6      0x08004751    0xa  Code  Gb  bsp_int.o [1]
BSP_IntHandlerTAMP_STAMP
                        0x08004409    0xa  Code  Gb  bsp_int.o [1]
BSP_IntHandlerTIM1_BRK_TIM9
                        0x080044e5    0xa  Code  Gb  bsp_int.o [1]
BSP_IntHandlerTIM1_CC   0x08004503    0xa  Code  Gb  bsp_int.o [1]
BSP_IntHandlerTIM1_TRG_COM_TIM11
                        0x080044f9    0xa  Code  Gb  bsp_int.o [1]
BSP_IntHandlerTIM1_UP_TIM10
                        0x080044ef    0xa  Code  Gb  bsp_int.o [1]
BSP_IntHandlerTIM2      0x0800450d    0xa  Code  Gb  bsp_int.o [1]
BSP_IntHandlerTIM3      0x08004517    0xa  Code  Gb  bsp_int.o [1]
BSP_IntHandlerTIM4      0x08004521    0xa  Code  Gb  bsp_int.o [1]
BSP_IntHandlerTIM5      0x080045e9    0xa  Code  Gb  bsp_int.o [1]
BSP_IntHandlerTIM6_DAC  0x08004611    0xa  Code  Gb  bsp_int.o [1]
BSP_IntHandlerTIM7      0x0800461b    0xa  Code  Gb  bsp_int.o [1]
BSP_IntHandlerTIM8_BRK_TIM12
                        0x080045a3    0xa  Code  Gb  bsp_int.o [1]
BSP_IntHandlerTIM8_CC   0x080045c1    0xa  Code  Gb  bsp_int.o [1]
BSP_IntHandlerTIM8_TRG_COM_TIM14
                        0x080045b7    0xa  Code  Gb  bsp_int.o [1]
BSP_IntHandlerTIM8_UP_TIM13
                        0x080045ad    0xa  Code  Gb  bsp_int.o [1]
BSP_IntHandlerUART7     0x08004729    0xa  Code  Gb  bsp_int.o [1]
BSP_IntHandlerUART8     0x08004733    0xa  Code  Gb  bsp_int.o [1]
BSP_IntHandlerUSART1    0x08004567    0xa  Code  Gb  bsp_int.o [1]
BSP_IntHandlerUSART2    0x08004571    0xa  Code  Gb  bsp_int.o [1]
BSP_IntHandlerUSART3    0x0800457b    0xa  Code  Gb  bsp_int.o [1]
BSP_IntHandlerUSART4    0x080045fd    0xa  Code  Gb  bsp_int.o [1]
BSP_IntHandlerUSART5    0x08004607    0xa  Code  Gb  bsp_int.o [1]
BSP_IntHandlerUSART6    0x080046bb    0xa  Code  Gb  bsp_int.o [1]
BSP_IntHandlerWWDG      0x080043f5    0xa  Code  Gb  bsp_int.o [1]
BSP_IntVectSet          0x080043b1   0x2a  Code  Gb  bsp_int.o [1]
BSP_IntVectTbl          0x20001fb8  0x188  Data  Lc  bsp_int.o [1]
CPU_CntLeadZeros        0x080033e3         Code  Gb  cpu_a.o [1]
CPU_CntTrailZeros       0x080033e9         Code  Gb  cpu_a.o [1]
CPU_Init                0x08001781   0x10  Code  Gb  cpu_core.o [1]
CPU_IntDis              0x080033c5         Code  Gb  cpu_a.o [1]
CPU_IntDisMeasCtr       0x200029d4    0x2  Data  Gb  cpu_core.o [1]
CPU_IntDisMeasInit      0x080018fd   0x78  Code  Lc  cpu_core.o [1]
CPU_IntDisMeasMaxCalc   0x08001975   0x1a  Code  Lc  cpu_core.o [1]
CPU_IntDisMeasMaxCurGet
                        0x08001837   0x24  Code  Gb  cpu_core.o [1]
CPU_IntDisMeasMaxCurReset
                        0x08001815   0x22  Code  Gb  cpu_core.o [1]
CPU_IntDisMeasMaxCur_cnts
                        0x20002940    0x4  Data  Gb  cpu_core.o [1]
CPU_IntDisMeasMaxGet    0x0800185b   0x22  Code  Gb  cpu_core.o [1]
CPU_IntDisMeasMax_cnts  0x20002944    0x4  Data  Gb  cpu_core.o [1]
CPU_IntDisMeasOvrhd_cnts
                        0x2000293c    0x4  Data  Gb  cpu_core.o [1]
CPU_IntDisMeasStart     0x0800187d   0x28  Code  Gb  cpu_core.o [1]
CPU_IntDisMeasStart_cnts
                        0x20002934    0x4  Data  Gb  cpu_core.o [1]
CPU_IntDisMeasStop      0x080018a5   0x42  Code  Gb  cpu_core.o [1]
CPU_IntDisMeasStop_cnts
                        0x20002938    0x4  Data  Gb  cpu_core.o [1]
CPU_IntDisNestCtr       0x200029d6    0x2  Data  Gb  cpu_core.o [1]
CPU_IntEn               0x080033c9         Code  Gb  cpu_a.o [1]
CPU_Name                0x20002904   0x10  Data  Gb  cpu_core.o [1]
CPU_NameClr             0x08001793   0x24  Code  Gb  cpu_core.o [1]
CPU_NameInit            0x080018e7    0x8  Code  Lc  cpu_core.o [1]
CPU_NameSet             0x080017b7   0x56  Code  Gb  cpu_core.o [1]
CPU_RevBits             0x080033f3         Code  Gb  cpu_a.o [1]
CPU_SR_Restore          0x080033d5         Code  Gb  cpu_a.o [1]
CPU_SR_Save             0x080033cd         Code  Gb  cpu_a.o [1]
CPU_SW_Exception        0x08001791    0x2  Code  Gb  cpu_core.o [1]
CPU_TS_Init             0x080018ef    0xe  Code  Lc  cpu_core.o [1]
CPU_TS_TmrFreqSet       0x0800180d    0x8  Code  Gb  cpu_core.o [1]
CPU_TS_TmrFreq_Hz       0x20002930    0x4  Data  Gb  cpu_core.o [1]
CPU_TS_TmrInit          0x08002dfd   0x2e  Code  Gb  cpu_bsp.o [1]
CPU_TS_TmrRd            0x08002e2b    0x8  Code  Gb  cpu_bsp.o [1]
CPU_WaitForExcept       0x080033df         Code  Gb  cpu_a.o [1]
CPU_WaitForInt          0x080033db         Code  Gb  cpu_a.o [1]
CSTACK$$Base            0x200029f8          --   Gb  - Linker created -
CSTACK$$Limit           0x200049f8          --   Gb  - Linker created -
HAL_GPIO_Init           0x08005121  0x1f6  Code  Gb  stm32f7xx_hal_gpio.o [1]
HAL_GPIO_ReadPin        0x08005317   0x18  Code  Gb  stm32f7xx_hal_gpio.o [1]
HAL_GPIO_TogglePin      0x0800532f    0xa  Code  Gb  stm32f7xx_hal_gpio.o [1]
HAL_GetTick             0x080053a9    0x6  Code  Wk  stm32f7xx_hal.o [1]
HAL_IncTick             0x0800539d    0xc  Code  Wk  stm32f7xx_hal.o [1]
HAL_Init                0x08005379   0x22  Code  Gb  stm32f7xx_hal.o [1]
HAL_InitTick            0x08003f6b   0x1a  Code  Gb  bsp.o [1]
HAL_MspInit             0x0800539b    0x2  Code  Wk  stm32f7xx_hal.o [1]
HAL_NVIC_SetPriorityGrouping
                        0x0800510b    0xc  Code  Gb  stm32f7xx_hal_cortex.o [1]
HAL_PWREx_EnableOverDrive
                        0x08005069   0x76  Code  Gb  stm32f7xx_hal_pwr_ex.o [1]
HAL_RCC_ClockConfig     0x08004d11  0x256  Code  Gb  stm32f7xx_hal_rcc.o [1]
HAL_RCC_GetHCLKFreq     0x0800500b   0x28  Code  Gb  stm32f7xx_hal_rcc.o [1]
HAL_RCC_GetSysClockFreq
                        0x08004f67   0xa4  Code  Gb  stm32f7xx_hal_rcc.o [1]
HAL_RCC_OscConfig       0x080047f9  0x518  Code  Gb  stm32f7xx_hal_rcc.o [1]
Math_Init               0x080055bd    0xa  Code  Gb  lib_math.o [1]
Math_RandSeedCur        0x20002948    0x4  Data  Gb  lib_math.o [1]
Math_RandSetSeed        0x080055c7   0x20  Code  Gb  lib_math.o [1]
Mem_Clr                 0x0800324f   0x12  Code  Gb  lib_mem.o [1]
Mem_Heap                0x20001028  0x400  Data  Gb  lib_mem.o [1]
Mem_Init                0x08003211   0x3e  Code  Gb  lib_mem.o [1]
Mem_SegCreate           0x080032d5   0x48  Code  Gb  lib_mem.o [1]
Mem_SegCreateCritical   0x0800331d   0x20  Code  Lc  lib_mem.o [1]
Mem_SegHeadPtr          0x2000294c    0x4  Data  Gb  lib_mem.o [1]
Mem_SegHeap             0x200028f0   0x14  Data  Gb  lib_mem.o [1]
Mem_Set                 0x08003261   0x74  Code  Gb  lib_mem.o [1]
NVIC_SetPriorityGrouping
                        0x080050ed   0x1e  Code  Lc  stm32f7xx_hal_cortex.o [1]
OSCfg_DataSizeRAM       0x08005aa4    0x4  Data  Gb  os_cfg_app.o [1]
OSCfg_ISRStk            0x20001628  0x200  Data  Gb  os_cfg_app.o [1]
OSCfg_ISRStkBasePtr     0x08005a50    0x4  Data  Gb  os_cfg_app.o [1]
OSCfg_ISRStkSize        0x08005a54    0x4  Data  Gb  os_cfg_app.o [1]
OSCfg_ISRStkSizeRAM     0x08005a58    0x4  Data  Gb  os_cfg_app.o [1]
OSCfg_IdleTaskStk       0x20001428  0x200  Data  Gb  os_cfg_app.o [1]
OSCfg_IdleTaskStkBasePtr
                        0x08005a40    0x4  Data  Gb  os_cfg_app.o [1]
OSCfg_IdleTaskStkLimit  0x08005a44    0x4  Data  Gb  os_cfg_app.o [1]
OSCfg_IdleTaskStkSize   0x08005a48    0x4  Data  Gb  os_cfg_app.o [1]
OSCfg_IdleTaskStkSizeRAM
                        0x08005a4c    0x4  Data  Gb  os_cfg_app.o [1]
OSCfg_Init              0x08003e31   0xb8  Code  Gb  os_cfg_app.o [1]
OSCfg_MsgPool           0x20001828  0x200  Data  Gb  os_cfg_app.o [1]
OSCfg_MsgPoolBasePtr    0x08005a60    0x4  Data  Gb  os_cfg_app.o [1]
OSCfg_MsgPoolSize       0x080033c2    0x2  Data  Gb  os_cfg_app.o [1]
OSCfg_MsgPoolSizeRAM    0x08005a5c    0x4  Data  Gb  os_cfg_app.o [1]
OSCfg_StatTaskPrio      0x08005ad6    0x1  Data  Gb  os_cfg_app.o [1]
OSCfg_StatTaskRate_Hz   0x08005a64    0x4  Data  Gb  os_cfg_app.o [1]
OSCfg_StatTaskStk       0x20001e28  0x190  Data  Gb  os_cfg_app.o [1]
OSCfg_StatTaskStkBasePtr
                        0x08005a68    0x4  Data  Gb  os_cfg_app.o [1]
OSCfg_StatTaskStkLimit  0x08005a6c    0x4  Data  Gb  os_cfg_app.o [1]
OSCfg_StatTaskStkSize   0x08005a70    0x4  Data  Gb  os_cfg_app.o [1]
OSCfg_StatTaskStkSizeRAM
                        0x08005a74    0x4  Data  Gb  os_cfg_app.o [1]
OSCfg_StkSizeMin        0x08005a78    0x4  Data  Gb  os_cfg_app.o [1]
OSCfg_TickRate_Hz       0x08005a7c    0x4  Data  Gb  os_cfg_app.o [1]
OSCfg_TickTaskPrio      0x08005ad7    0x1  Data  Gb  os_cfg_app.o [1]
OSCfg_TickTaskStk       0x20001a28  0x200  Data  Gb  os_cfg_app.o [1]
OSCfg_TickTaskStkBasePtr
                        0x08005a80    0x4  Data  Gb  os_cfg_app.o [1]
OSCfg_TickTaskStkLimit  0x08005a84    0x4  Data  Gb  os_cfg_app.o [1]
OSCfg_TickTaskStkSize   0x08005a88    0x4  Data  Gb  os_cfg_app.o [1]
OSCfg_TickTaskStkSizeRAM
                        0x08005a8c    0x4  Data  Gb  os_cfg_app.o [1]
OSCfg_TmrTaskPrio       0x08005ad8    0x1  Data  Gb  os_cfg_app.o [1]
OSCfg_TmrTaskRate_Hz    0x08005a90    0x4  Data  Gb  os_cfg_app.o [1]
OSCfg_TmrTaskStk        0x20001c28  0x200  Data  Gb  os_cfg_app.o [1]
OSCfg_TmrTaskStkBasePtr
                        0x08005a94    0x4  Data  Gb  os_cfg_app.o [1]
OSCfg_TmrTaskStkLimit   0x08005a98    0x4  Data  Gb  os_cfg_app.o [1]
OSCfg_TmrTaskStkSize    0x08005a9c    0x4  Data  Gb  os_cfg_app.o [1]
OSCfg_TmrTaskStkSizeRAM
                        0x08005aa0    0x4  Data  Gb  os_cfg_app.o [1]
OSCtxSw                 0x08002edd         Code  Gb  os_cpu_a.o [1]
OSDbg_AppHooksEn        0x08005adb    0x1  Data  Gb  os_dbg.o [1]
OSDbg_ArgChkEn          0x08005ada    0x1  Data  Gb  os_dbg.o [1]
OSDbg_CalledFromISRChkEn
                        0x08005adc    0x1  Data  Gb  os_dbg.o [1]
OSDbg_DataSize          0x08005ab0    0x4  Data  Gb  os_dbg.o [1]
OSDbg_DbgEn             0x08005ad9    0x1  Data  Gb  os_dbg.o [1]
OSDbg_EndiannessTest    0x08005aa8    0x4  Data  Gb  os_dbg.o [1]
OSDbg_FlagDelEn         0x08005ade    0x1  Data  Gb  os_dbg.o [1]
OSDbg_FlagEn            0x08005add    0x1  Data  Gb  os_dbg.o [1]
OSDbg_FlagGrp           0x080058cc   0x28  Data  Gb  os_dbg.o [1]
OSDbg_FlagGrpSize       0x080047f6    0x2  Data  Gb  os_dbg.o [1]
OSDbg_FlagModeClrEn     0x08005adf    0x1  Data  Gb  os_dbg.o [1]
OSDbg_FlagPendAbortEn   0x08005ae0    0x1  Data  Gb  os_dbg.o [1]
OSDbg_FlagWidth         0x08005762    0x2  Data  Gb  os_dbg.o [1]
OSDbg_ISRPostDeferredEn
                        0x08005ae1    0x1  Data  Gb  os_dbg.o [1]
OSDbg_Mem               0x08005940   0x20  Data  Gb  os_dbg.o [1]
OSDbg_MemEn             0x08005ae2    0x1  Data  Gb  os_dbg.o [1]
OSDbg_MemSize           0x08005782    0x2  Data  Gb  os_dbg.o [1]
OSDbg_MsgEn             0x08005ae3    0x1  Data  Gb  os_dbg.o [1]
OSDbg_MsgPoolSize       0x08005ab4    0x2  Data  Gb  os_dbg.o [1]
OSDbg_MsgQSize          0x08005ab6    0x2  Data  Gb  os_dbg.o [1]
OSDbg_MsgSize           0x080057ba    0x2  Data  Gb  os_dbg.o [1]
OSDbg_Mutex             0x08005810   0x30  Data  Gb  os_dbg.o [1]
OSDbg_MutexDelEn        0x08005ae5    0x1  Data  Gb  os_dbg.o [1]
OSDbg_MutexEn           0x08005ae4    0x1  Data  Gb  os_dbg.o [1]
OSDbg_MutexPendAbortEn  0x08005ae6    0x1  Data  Gb  os_dbg.o [1]
OSDbg_MutexSize         0x08005ab8    0x2  Data  Gb  os_dbg.o [1]
OSDbg_ObjTypeChkEn      0x08005ae7    0x1  Data  Gb  os_dbg.o [1]
OSDbg_PendDataSize      0x08005aba    0x2  Data  Gb  os_dbg.o [1]
OSDbg_PendListSize      0x08005abc    0x2  Data  Gb  os_dbg.o [1]
OSDbg_PendMultiEn       0x08005ae8    0x1  Data  Gb  os_dbg.o [1]
OSDbg_PendObjSize       0x08005abe    0x2  Data  Gb  os_dbg.o [1]
OSDbg_PrioMax           0x08005ac0    0x2  Data  Gb  os_dbg.o [1]
OSDbg_PrioTblSize       0x08005ac2    0x2  Data  Gb  os_dbg.o [1]
OSDbg_PtrSize           0x08005ac4    0x2  Data  Gb  os_dbg.o [1]
OSDbg_Q                 0x08005840   0x30  Data  Gb  os_dbg.o [1]
OSDbg_QDelEn            0x08005aea    0x1  Data  Gb  os_dbg.o [1]
OSDbg_QEn               0x08005ae9    0x1  Data  Gb  os_dbg.o [1]
OSDbg_QFlushEn          0x08005aeb    0x1  Data  Gb  os_dbg.o [1]
OSDbg_QPendAbortEn      0x08005aec    0x1  Data  Gb  os_dbg.o [1]
OSDbg_QSize             0x08005ac6    0x2  Data  Gb  os_dbg.o [1]
OSDbg_RdyList           0x08005aca    0x2  Data  Gb  os_dbg.o [1]
OSDbg_RdyListSize       0x08005aac    0x4  Data  Gb  os_dbg.o [1]
OSDbg_SchedRoundRobinEn
                        0x08005aed    0x1  Data  Gb  os_dbg.o [1]
OSDbg_Sem               0x080058f4   0x28  Data  Gb  os_dbg.o [1]
OSDbg_SemDelEn          0x08005aef    0x1  Data  Gb  os_dbg.o [1]
OSDbg_SemEn             0x08005aee    0x1  Data  Gb  os_dbg.o [1]
OSDbg_SemPendAbortEn    0x08005af0    0x1  Data  Gb  os_dbg.o [1]
OSDbg_SemSetEn          0x08005af1    0x1  Data  Gb  os_dbg.o [1]
OSDbg_SemSize           0x08005ac8    0x2  Data  Gb  os_dbg.o [1]
OSDbg_StatTaskEn        0x08005af3    0x1  Data  Gb  os_dbg.o [1]
OSDbg_StatTaskStkChkEn  0x08005af4    0x1  Data  Gb  os_dbg.o [1]
OSDbg_StkWidth          0x08005af2    0x1  Data  Gb  os_dbg.o [1]
OSDbg_TCBSize           0x08005ace    0x2  Data  Gb  os_dbg.o [1]
OSDbg_TaskChangePrioEn  0x08005af5    0x1  Data  Gb  os_dbg.o [1]
OSDbg_TaskDelEn         0x08005af6    0x1  Data  Gb  os_dbg.o [1]
OSDbg_TaskProfileEn     0x08005af9    0x1  Data  Gb  os_dbg.o [1]
OSDbg_TaskQEn           0x08005af7    0x1  Data  Gb  os_dbg.o [1]
OSDbg_TaskQPendAbortEn  0x08005af8    0x1  Data  Gb  os_dbg.o [1]
OSDbg_TaskRegTblSize    0x08005acc    0x2  Data  Gb  os_dbg.o [1]
OSDbg_TaskSemPendAbortEn
                        0x08005afa    0x1  Data  Gb  os_dbg.o [1]
OSDbg_TaskSuspendEn     0x08005afb    0x1  Data  Gb  os_dbg.o [1]
OSDbg_TickListSize      0x08005ad0    0x2  Data  Gb  os_dbg.o [1]
OSDbg_TimeDlyHMSMEn     0x08005afc    0x1  Data  Gb  os_dbg.o [1]
OSDbg_TimeDlyResumeEn   0x08005afd    0x1  Data  Gb  os_dbg.o [1]
OSDbg_Tmr               0x08005870   0x30  Data  Gb  os_dbg.o [1]
OSDbg_TmrDelEn          0x08005aff    0x1  Data  Gb  os_dbg.o [1]
OSDbg_TmrEn             0x08005afe    0x1  Data  Gb  os_dbg.o [1]
OSDbg_TmrSize           0x08005ad2    0x2  Data  Gb  os_dbg.o [1]
OSDbg_VersionNbr        0x08005ad4    0x2  Data  Gb  os_dbg.o [1]
OSFlagDbgListPtr        0x2000297c    0x4  Data  Gb  os_var.o [1]
OSFlagQty               0x200029d8    0x2  Data  Gb  os_var.o [1]
OSIdleTaskCtr           0x20002974    0x4  Data  Gb  os_var.o [1]
OSIdleTaskHook          0x0800116d   0x12  Code  Gb  os_cpu_c.o [1]
OSIdleTaskTCB           0x200025c0   0xc0  Data  Gb  os_var.o [1]
OSInit                  0x08001a3d  0x150  Code  Gb  os_core.o [1]
OSInitHook              0x0800117f   0x1e  Code  Gb  os_cpu_c.o [1]
OSInitialized           0x200029f1    0x1  Data  Gb  os_var.o [1]
OSIntCtxSw              0x08002ee5         Code  Gb  os_cpu_a.o [1]
OSIntDisTimeMax         0x20002978    0x4  Data  Gb  os_var.o [1]
OSIntEnter              0x08001b8d   0x24  Code  Gb  os_core.o [1]
OSIntExit               0x08001bb1   0xba  Code  Gb  os_core.o [1]
OSIntNestingCtr         0x200029ef    0x1  Data  Gb  os_var.o [1]
OSMemDbgListPtr         0x20002980    0x4  Data  Gb  os_var.o [1]
OSMemQty                0x200029da    0x2  Data  Gb  os_var.o [1]
OSMsgPool               0x20002914    0xc  Data  Gb  os_var.o [1]
OSMutexCreate           0x080028f5   0x78  Code  Gb  os_mutex.o [1]
OSMutexDbgListPtr       0x20002984    0x4  Data  Gb  os_var.o [1]
OSMutexPend             0x0800296d  0x1fe  Code  Gb  os_mutex.o [1]
OSMutexPost             0x08002b6b  0x182  Code  Gb  os_mutex.o [1]
OSMutexQty              0x200029dc    0x2  Data  Gb  os_var.o [1]
OSPrioCur               0x200029f2    0x1  Data  Gb  os_var.o [1]
OSPrioHighRdy           0x200029f3    0x1  Data  Gb  os_var.o [1]
OSPrioTbl               0x20002954    0x4  Data  Gb  os_prio.o [1]
OSQDbgListPtr           0x20002988    0x4  Data  Gb  os_var.o [1]
OSQQty                  0x200029de    0x2  Data  Gb  os_var.o [1]
OSRdyList               0x20002140  0x180  Data  Gb  os_var.o [1]
OSRunning               0x200029f0    0x1  Data  Gb  os_var.o [1]
OSSched                 0x08001c6b   0x8a  Code  Gb  os_core.o [1]
OSSchedLock             0x08001cf5   0x64  Code  Gb  os_core.o [1]
OSSchedLockNestingCtr   0x200029f4    0x1  Data  Gb  os_var.o [1]
OSSchedUnlock           0x08001d59   0x82  Code  Gb  os_core.o [1]
OSSemDbgListPtr         0x2000298c    0x4  Data  Gb  os_var.o [1]
OSSemQty                0x200029e0    0x2  Data  Gb  os_var.o [1]
OSStart                 0x08001ddb   0x96  Code  Gb  os_core.o [1]
OSStartHighRdy          0x08002e6d         Code  Gb  os_cpu_a.o [1]
OSStatReset             0x08003415  0x112  Code  Gb  os_stat.o [1]
OSStatResetFlag         0x200029f5    0x1  Data  Gb  os_var.o [1]
OSStatTaskCPUUsage      0x200029e2    0x2  Data  Gb  os_var.o [1]
OSStatTaskCPUUsageInit  0x08003527   0xea  Code  Gb  os_stat.o [1]
OSStatTaskCPUUsageMax   0x200029e4    0x2  Data  Gb  os_var.o [1]
OSStatTaskCtr           0x20002990    0x4  Data  Gb  os_var.o [1]
OSStatTaskCtrMax        0x20002994    0x4  Data  Gb  os_var.o [1]
OSStatTaskCtrRun        0x20002998    0x4  Data  Gb  os_var.o [1]
OSStatTaskHook          0x0800119d   0x12  Code  Gb  os_cpu_c.o [1]
OSStatTaskRdy           0x200029f6    0x1  Data  Gb  os_var.o [1]
OSStatTaskTCB           0x20002680   0xc0  Data  Gb  os_var.o [1]
OSStatTaskTimeMax       0x2000299c    0x4  Data  Gb  os_var.o [1]
OSTCBCurPtr             0x200029c8    0x4  Data  Gb  os_var.o [1]
OSTCBHighRdyPtr         0x200029cc    0x4  Data  Gb  os_var.o [1]
OSTaskCreate            0x080001c1  0x1ae  Code  Gb  os_task.o [1]
OSTaskCreateHook        0x080011af   0x16  Code  Gb  os_cpu_c.o [1]
OSTaskCtxSwCtr          0x200029a0    0x4  Data  Gb  os_var.o [1]
OSTaskDbgListPtr        0x200029a4    0x4  Data  Gb  os_var.o [1]
OSTaskDel               0x0800036f  0x18c  Code  Gb  os_task.o [1]
OSTaskDelHook           0x080011c5   0x16  Code  Gb  os_cpu_c.o [1]
OSTaskQPend             0x080004fb  0x1ea  Code  Gb  os_task.o [1]
OSTaskQPost             0x080006e5   0x58  Code  Gb  os_task.o [1]
OSTaskQty               0x200029e6    0x2  Data  Gb  os_var.o [1]
OSTaskRegNextAvailID    0x200029f7    0x1  Data  Gb  os_var.o [1]
OSTaskResume            0x0800073d   0x56  Code  Gb  os_task.o [1]
OSTaskReturnHook        0x080011db   0x16  Code  Gb  os_cpu_c.o [1]
OSTaskSemPend           0x08000793  0x1f0  Code  Gb  os_task.o [1]
OSTaskSemPost           0x08000983   0x3e  Code  Gb  os_task.o [1]
OSTaskStkChk            0x080009c1   0xc4  Code  Gb  os_task.o [1]
OSTaskStkInit           0x080011f1  0x15e  Code  Gb  os_cpu_c.o [1]
OSTaskSuspend           0x08000a85   0x2e  Code  Gb  os_task.o [1]
OSTaskSwHook            0x0800134f   0x9e  Code  Gb  os_cpu_c.o [1]
OSTickCtr               0x200029a8    0x4  Data  Gb  os_var.o [1]
OSTickListDly           0x20002920    0x8  Data  Gb  os_var.o [1]
OSTickListTimeout       0x20002928    0x8  Data  Gb  os_var.o [1]
OSTickTaskTCB           0x20002740   0xc0  Data  Gb  os_var.o [1]
OSTickTaskTimeMax       0x200029ac    0x4  Data  Gb  os_var.o [1]
OSTimeDly               0x08002f4d   0x98  Code  Gb  os_time.o [1]
OSTimeDlyHMSM           0x08002fe5  0x1c8  Code  Gb  os_time.o [1]
OSTimeTick              0x080031ad   0x3e  Code  Gb  os_time.o [1]
OSTimeTickHook          0x080013ed   0x12  Code  Gb  os_cpu_c.o [1]
OSTmrDbgListPtr         0x200029b0    0x4  Data  Gb  os_var.o [1]
OSTmrListEntries        0x200029e8    0x2  Data  Gb  os_var.o [1]
OSTmrListPtr            0x200029b4    0x4  Data  Gb  os_var.o [1]
OSTmrMutex              0x200028c0   0x30  Data  Gb  os_var.o [1]
OSTmrTaskTCB            0x20002800   0xc0  Data  Gb  os_var.o [1]
OSTmrTaskTimeMax        0x200029b8    0x4  Data  Gb  os_var.o [1]
OSTmrTickCtr            0x200029bc    0x4  Data  Gb  os_var.o [1]
OSTmrUpdateCnt          0x200029c0    0x4  Data  Gb  os_var.o [1]
OSTmrUpdateCtr          0x200029c4    0x4  Data  Gb  os_var.o [1]
OS_AppIdleTaskHookPtr   0x20002964    0x4  Data  Gb  os_var.o [1]
OS_AppStatTaskHookPtr   0x20002968    0x4  Data  Gb  os_var.o [1]
OS_AppTaskCreateHookPtr
                        0x20002958    0x4  Data  Gb  os_var.o [1]
OS_AppTaskDelHookPtr    0x2000295c    0x4  Data  Gb  os_var.o [1]
OS_AppTaskReturnHookPtr
                        0x20002960    0x4  Data  Gb  os_var.o [1]
OS_AppTaskSwHookPtr     0x2000296c    0x4  Data  Gb  os_var.o [1]
OS_AppTimeTickHookPtr   0x20002970    0x4  Data  Gb  os_var.o [1]
OS_CPU_ExceptStkBase    0x20002950    0x4  Data  Gb  os_cpu_c.o [1]
OS_CPU_FP_Reg_Pop       0x08002e5b         Code  Gb  os_cpu_a.o [1]
OS_CPU_FP_Reg_Push      0x08002e41         Code  Gb  os_cpu_a.o [1]
OS_CPU_PendSVHandler    0x08002eed         Code  Gb  os_cpu_a.o [1]
OS_CPU_SysTickHandler   0x080013ff   0x2c  Code  Gb  os_cpu_c.o [1]
OS_CPU_SysTickInit      0x0800142b   0x2e  Code  Gb  os_cpu_c.o [1]
OS_Dbg_Init             0x08003c05  0x22c  Code  Gb  os_dbg.o [1]
OS_IdleTask             0x08001e71   0x3c  Code  Gb  os_core.o [1]
OS_IdleTaskInit         0x08001ead   0x52  Code  Gb  os_core.o [1]
OS_MemInit              0x080033f9   0x12  Code  Gb  os_mem.o [1]
OS_MsgPoolInit          0x08001505   0x8e  Code  Gb  os_msg.o [1]
OS_MsgQFreeAll          0x08001593   0x4c  Code  Gb  os_msg.o [1]
OS_MsgQGet              0x080015f3   0x76  Code  Gb  os_msg.o [1]
OS_MsgQInit             0x080015df   0x14  Code  Gb  os_msg.o [1]
OS_MsgQPut              0x08001669  0x10a  Code  Gb  os_msg.o [1]
OS_MutexDbgListAdd      0x08002ced   0x28  Code  Gb  os_mutex.o [1]
OS_MutexGrpAdd          0x08002d35    0x8  Code  Gb  os_mutex.o [1]
OS_MutexGrpPostAll      0x08002d93   0x6a  Code  Gb  os_mutex.o [1]
OS_MutexGrpPrioFindHighest
                        0x08002d57   0x3c  Code  Gb  os_mutex.o [1]
OS_MutexGrpRemove       0x08002d3d   0x1a  Code  Gb  os_mutex.o [1]
OS_Pend                 0x08001eff   0x6c  Code  Gb  os_core.o [1]
OS_PendDataInit         0x08001f6b   0x1e  Code  Gb  os_core.o [1]
OS_PendDbgNameAdd       0x08001f89   0x4c  Code  Gb  os_core.o [1]
OS_PendDbgNameRemove    0x08001fd5   0x28  Code  Gb  os_core.o [1]
OS_PendListChangePrio   0x08001ffd   0x40  Code  Gb  os_core.o [1]
OS_PendListInit         0x0800203d    0xe  Code  Gb  os_core.o [1]
OS_PendListInsertPrio   0x0800204b   0x7a  Code  Gb  os_core.o [1]
OS_PendListRemove       0x080020c5   0x3a  Code  Gb  os_core.o [1]
OS_PendListRemove1      0x080020ff   0x56  Code  Gb  os_core.o [1]
OS_Post                 0x08002155   0xb8  Code  Gb  os_core.o [1]
OS_PrioGetHighest       0x080019cb   0x1a  Code  Gb  os_prio.o [1]
OS_PrioInit             0x080019b5   0x16  Code  Gb  os_prio.o [1]
OS_PrioInsert           0x080019e5   0x2a  Code  Gb  os_prio.o [1]
OS_PrioRemove           0x08001a0f   0x2a  Code  Gb  os_prio.o [1]
OS_RdyListInit          0x0800220d   0x24  Code  Gb  os_core.o [1]
OS_RdyListInsert        0x08002231   0x28  Code  Gb  os_core.o [1]
OS_RdyListInsertHead    0x0800225d   0x42  Code  Gb  os_core.o [1]
OS_RdyListInsertTail    0x0800229f   0x40  Code  Gb  os_core.o [1]
OS_RdyListRemove        0x080022df   0x62  Code  Gb  os_core.o [1]
OS_StatTask             0x08003611  0x2c0  Code  Gb  os_stat.o [1]
OS_StatTaskInit         0x080038d1   0x92  Code  Gb  os_stat.o [1]
OS_TaskBlock            0x08002341   0x2a  Code  Gb  os_core.o [1]
OS_TaskChangePrio       0x08001075   0xe4  Code  Gb  os_task.o [1]
OS_TaskDbgListAdd       0x08000ab3   0x34  Code  Gb  os_task.o [1]
OS_TaskDbgListRemove    0x08000ae7   0x50  Code  Gb  os_task.o [1]
OS_TaskInit             0x08000b37   0x1c  Code  Gb  os_task.o [1]
OS_TaskInitTCB          0x08000b61  0x114  Code  Gb  os_task.o [1]
OS_TaskQPost            0x08000c7d   0xe0  Code  Gb  os_task.o [1]
OS_TaskResume           0x08000d61   0xe8  Code  Gb  os_task.o [1]
OS_TaskReturn           0x08000e49   0x14  Code  Gb  os_task.o [1]
OS_TaskSemPost          0x08000e5d   0xee  Code  Gb  os_task.o [1]
OS_TaskSuspend          0x08000f51  0x11e  Code  Gb  os_task.o [1]
OS_TickListInsert       0x0800253b   0x90  Code  Gb  os_tick.o [1]
OS_TickListInsertDly    0x080025cb   0xb0  Code  Gb  os_tick.o [1]
OS_TickListRemove       0x0800267b   0x74  Code  Gb  os_tick.o [1]
OS_TickListUpdateDly    0x080026ef   0xa6  Code  Lc  os_tick.o [1]
OS_TickListUpdateTimeout
                        0x08002795  0x12a  Code  Lc  os_tick.o [1]
OS_TickTask             0x0800240d   0x6c  Code  Gb  os_tick.o [1]
OS_TickTaskInit         0x08002479   0xc2  Code  Gb  os_tick.o [1]
OS_TmrInit              0x080039d9   0xd4  Code  Gb  os_tmr.o [1]
OS_TmrLock              0x08003b95   0x16  Code  Lc  os_tmr.o [1]
OS_TmrTask              0x08003af9   0x9c  Code  Gb  os_tmr.o [1]
OS_TmrUnlink            0x08003aad   0x48  Code  Gb  os_tmr.o [1]
OS_TmrUnlock            0x08003bab   0x10  Code  Lc  os_tmr.o [1]
Region$$Table$$Base     0x0800591c          --   Gb  - Linker created -
Region$$Table$$Limit    0x08005940          --   Gb  - Linker created -
Str_Copy_N              0x0800336f   0x54  Code  Gb  lib_str.o [1]
Str_Len_N               0x0800334d   0x22  Code  Gb  lib_str.o [1]
SystemCoreClock         0x20000020    0x4  Data  Gb  system_stm32f7xx.o [1]
SystemInit              0x08005689   0x4c  Code  Gb  system_stm32f7xx.o [1]
__cmain                 0x08005765         Code  Gb  cmain.o [5]
__exit                  0x080057bd   0x14  Code  Gb  exit.o [6]
__iar_copy_init3        0x080058a1   0x2c  Code  Gb  copy_init3.o [5]
__iar_data_init3        0x08005785   0x28  Code  Gb  data_init.o [5]
__iar_init_vfp          0x08005741         Code  Gb  fpinit_M.o [4]
__iar_program_start     0x08005735         Code  Gb  cstartup_M.o [5]
__iar_zero_init3        0x080057d1   0x40  Code  Gb  zero_init3.o [5]
__low_level_init        0x0800577f    0x4  Code  Gb  low_level_init.o [3]
__vector_table          0x08000000  0x1c0  Data  Gb  cstartup.o [1]
_call_main              0x08005771         Code  Gb  cmain.o [5]
_exit                   0x080057b1         Code  Gb  cexit.o [5]
_main                   0x0800577b         Code  Gb  cmain.o [5]
app_ButtonScanTask      0x080054cd   0x3e  Code  Lc  app.o [1]
app_ButtonTask          0x0800550d   0x72  Code  Lc  app.o [1]
app_LedTask             0x080054a9   0x24  Code  Lc  app.o [1]
app_TaskStart           0x0800541d   0x8c  Code  Lc  app.o [1]
bsp_ButtonDetect        0x080042e9   0x80  Code  Lc  bsp_button.o [1]
bsp_ButtonInit          0x08004209   0x5a  Code  Gb  bsp_button.o [1]
bsp_ButtonScan          0x08004263   0x86  Code  Gb  bsp_button.o [1]
bsp_CpuClkFreq          0x08003f5f    0xc  Code  Gb  bsp.o [1]
bsp_GPIOxClockEnable    0x08004025  0x150  Code  Gb  bsp_led.o [1]
bsp_Init                0x08003ee9   0x10  Code  Gb  bsp.o [1]
bsp_IntInit             0x080043db   0x1a  Code  Gb  bsp_int.o [1]
bsp_IsButtonDown        0x08004369   0x28  Code  Lc  bsp_button.o [1]
bsp_LedInit             0x08003fa9   0x7c  Code  Gb  bsp_led.o [1]
bsp_LedOff              0x08004175   0x1e  Code  Gb  bsp_led.o [1]
bsp_LedOn               0x08004193   0x1c  Code  Gb  bsp_led.o [1]
bsp_LedToggle           0x080041af   0x22  Code  Gb  bsp_led.o [1]
bsp_SystemClockConfig   0x08003ef9   0x66  Code  Lc  bsp.o [1]
bsp_TickInit            0x08003f85   0x1a  Code  Gb  bsp.o [1]
exit                    0x080057ad    0x4  Code  Gb  exit.o [3]
g_buttonInit            0x20000000   0x10  Data  Gb  bsp_button.o [1]
g_buttonNum             0x20000024    0x1  Data  Lc  bsp_button.o [1]
g_buttonScanTaskStk     0x20000c28  0x400  Data  Lc  app.o [1]
g_buttonScanTaskTCB     0x20002500   0xc0  Data  Lc  app.o [1]
g_buttonTaskStk         0x20000828  0x400  Data  Lc  app.o [1]
g_buttonTaskTCB         0x20002440   0xc0  Data  Lc  app.o [1]
g_ledInit               0x20000010    0xc  Data  Gb  bsp_led.o [1]
g_ledNumber             0x2000001c    0x4  Data  Lc  bsp_led.o [1]
g_ledTaskStk            0x20000428  0x400  Data  Lc  app.o [1]
g_ledTaskTCB            0x20002380   0xc0  Data  Lc  app.o [1]
main                    0x080053b9   0x64  Code  Gb  app.o [1]
uwTick                  0x200029d0    0x4  Data  Lc  stm32f7xx_hal.o [1]


[1] = E:\Github\Code\stm32f746-discovery\IAR\Debug\Obj
[2] = command line
[3] = dl7M_tlf.a
[4] = m7M_tls.a
[5] = rt7M_tl.a
[6] = shb_l.a

  22 130 bytes of readonly  code memory
   1 206 bytes of readonly  data memory
  18 933 bytes of readwrite data memory

Errors: none
Warnings: none
